[2026-01-26 19:19:19] [INFO] [GENERAL] MDP SDK Loaded
[2026-01-26 19:19:48] [DEBUG] [PROTOCOL] Built command packet: type=0x16
[2026-01-26 19:19:48] [DEBUG] [PROTOCOL] Built command packet: type=0x18
[2026-01-26 19:19:48] [DEBUG] [PROTOCOL] Received 244 bytes
[2026-01-26 19:19:48] [DEBUG] [PROTOCOL] Received 244 bytes
[2026-01-26 19:19:48] [DEBUG] [PROTOCOL] Received 244 bytes
[2026-01-26 19:19:48] [DEBUG] [PROTOCOL] Received 244 bytes
[2026-01-26 19:19:48] [DEBUG] [PROTOCOL] Received 244 bytes
[2026-01-26 19:19:48] [DEBUG] [PROTOCOL] Received 244 bytes
[2026-01-26 19:19:48] [DEBUG] [PROTOCOL] Received 244 bytes
[2026-01-26 19:19:48] [DEBUG] [PROTOCOL] Received 244 bytes
[2026-01-26 19:19:48] [DEBUG] [PROTOCOL] Received 244 bytes
[2026-01-26 19:19:48] [DEBUG] [PROTOCOL] Received 244 bytes
[2026-01-26 19:19:48] [DEBUG] [PROTOCOL] Received 244 bytes
[2026-01-26 19:19:48] [DEBUG] [PROTOCOL] Received 244 bytes
[2026-01-26 19:19:48] [DEBUG] [PROTOCOL] Received 244 bytes
[2026-01-26 19:19:48] [DEBUG] [PROTOCOL] Received 244 bytes
[2026-01-26 19:19:48] [DEBUG] [PROTOCOL] Received 244 bytes
[2026-01-26 19:19:48] [DEBUG] [PROTOCOL] Received 244 bytes
[2026-01-26 19:19:48] [DEBUG] [PROTOCOL] Received 244 bytes
[2026-01-26 19:19:48] [DEBUG] [PROTOCOL] Received 244 bytes
[2026-01-26 19:19:48] [DEBUG] [PROTOCOL] Received 244 bytes
[2026-01-26 19:19:48] [DEBUG] [PROTOCOL] Received 244 bytes
[2026-01-26 19:19:48] [DEBUG] [PROTOCOL] Received 244 bytes
[2026-01-26 19:19:48] [DEBUG] [PROTOCOL] Received 244 bytes
[2026-01-26 19:19:48] [DEBUG] [PROTOCOL] Received 244 bytes
[2026-01-26 19:19:48] [DEBUG] [PROTOCOL] Received 244 bytes
[2026-01-26 19:19:48] [DEBUG] [PROTOCOL] Received 244 bytes
[2026-01-26 19:19:48] [DEBUG] [PROTOCOL] Received 244 bytes
[2026-01-26 19:19:48] [DEBUG] [PROTOCOL] Received 244 bytes
[2026-01-26 19:19:49] [DEBUG] [PROTOCOL] Received 244 bytes
[2026-01-26 19:19:49] [DEBUG] [PROTOCOL] Received 244 bytes
[2026-01-26 19:19:49] [DEBUG] [PROTOCOL] Received 244 bytes
[2026-01-26 19:19:49] [DEBUG] [PROTOCOL] Received 244 bytes
[2026-01-26 19:19:49] [DEBUG] [PROTOCOL] Received 244 bytes
[2026-01-26 19:19:49] [DEBUG] [PROTOCOL] Received 244 bytes
[2026-01-26 19:19:49] [DEBUG] [PROTOCOL] Received 244 bytes
[2026-01-26 19:19:49] [DEBUG] [PROTOCOL] Received 244 bytes
[2026-01-26 19:19:49] [DEBUG] [PROTOCOL] Received 244 bytes
[2026-01-26 19:19:49] [DEBUG] [PROTOCOL] Received 244 bytes
[2026-01-26 19:19:49] [DEBUG] [PROTOCOL] Received 244 bytes
[2026-01-26 19:19:49] [DEBUG] [PROTOCOL] Received 244 bytes
[2026-01-26 19:19:49] [DEBUG] [PROTOCOL] Received 244 bytes
[2026-01-26 19:19:49] [DEBUG] [PROTOCOL] Received 244 bytes
[2026-01-26 19:19:49] [DEBUG] [PROTOCOL] Received 244 bytes
[2026-01-26 19:19:49] [DEBUG] [PROTOCOL] Received 244 bytes
[2026-01-26 19:19:49] [DEBUG] [PROTOCOL] Received 244 bytes
[2026-01-26 19:19:49] [DEBUG] [PROTOCOL] Received 244 bytes
[2026-01-26 19:19:49] [DEBUG] [PROTOCOL] Received 244 bytes
[2026-01-26 19:19:49] [DEBUG] [PROTOCOL] Received 244 bytes
[2026-01-26 19:19:49] [DEBUG] [PROTOCOL] Received 244 bytes
[2026-01-26 19:19:49] [DEBUG] [PROTOCOL] Received 244 bytes
[2026-01-26 19:19:49] [DEBUG] [PROTOCOL] Received 244 bytes
[2026-01-26 19:19:49] [DEBUG] [PROTOCOL] Received 244 bytes
[2026-01-26 19:19:49] [DEBUG] [PROTOCOL] Received 244 bytes
[2026-01-26 19:19:49] [DEBUG] [PROTOCOL] Received 244 bytes
[2026-01-26 19:19:49] [DEBUG] [PROTOCOL] Received 244 bytes
[2026-01-26 19:19:49] [DEBUG] [PROTOCOL] Received 244 bytes
[2026-01-26 19:19:49] [INFO] [GENERAL] Switched to IMPEDANCE mode: ring buffer (latest data only)
[2026-01-26 19:19:49] [DEBUG] [PROTOCOL] Built command packet: type=0x17
[2026-01-26 19:19:49] [DEBUG] [PROTOCOL] Received 244 bytes
[2026-01-26 19:19:49] [DEBUG] [PROTOCOL] Impedance: processed 6 packets
[2026-01-26 19:19:49] [INFO] [GENERAL] Insufficient data for impedance calculation
[2026-01-26 19:19:49] [INFO] [GENERAL] Window fill: 6/32
[2026-01-26 19:19:49] [DEBUG] [PROTOCOL] Built command packet: type=0x18
[2026-01-26 19:19:49] [DEBUG] [PROTOCOL] Received 244 bytes
[2026-01-26 19:19:49] [DEBUG] [PROTOCOL] Received 244 bytes
[2026-01-26 19:19:49] [DEBUG] [PROTOCOL] Received 68 bytes
[2026-01-26 19:19:50] [DEBUG] [PROTOCOL] Received 244 bytes
[2026-01-26 19:19:50] [DEBUG] [PROTOCOL] Received 244 bytes
[2026-01-26 19:19:50] [DEBUG] [PROTOCOL] Received 244 bytes
[2026-01-26 19:19:50] [DEBUG] [PROTOCOL] Received 244 bytes
[2026-01-26 19:19:50] [DEBUG] [PROTOCOL] Received 244 bytes
[2026-01-26 19:19:50] [DEBUG] [PROTOCOL] Received 244 bytes
[2026-01-26 19:19:50] [DEBUG] [PROTOCOL] Received 244 bytes
[2026-01-26 19:19:50] [DEBUG] [PROTOCOL] Received 244 bytes
[2026-01-26 19:19:50] [DEBUG] [PROTOCOL] Received 244 bytes
[2026-01-26 19:19:50] [DEBUG] [PROTOCOL] Received 244 bytes
[2026-01-26 19:19:50] [DEBUG] [PROTOCOL] Received 244 bytes
[2026-01-26 19:19:50] [DEBUG] [PROTOCOL] Received 244 bytes
[2026-01-26 19:19:50] [DEBUG] [PROTOCOL] Received 244 bytes
[2026-01-26 19:19:50] [DEBUG] [PROTOCOL] Received 244 bytes
[2026-01-26 19:19:50] [DEBUG] [PROTOCOL] Received 244 bytes
[2026-01-26 19:19:50] [DEBUG] [PROTOCOL] Received 244 bytes
[2026-01-26 19:19:50] [DEBUG] [PROTOCOL] Received 244 bytes
[2026-01-26 19:19:50] [DEBUG] [PROTOCOL] Received 244 bytes
[2026-01-26 19:19:50] [DEBUG] [PROTOCOL] Received 244 bytes
[2026-01-26 19:19:50] [DEBUG] [PROTOCOL] Received 244 bytes
[2026-01-26 19:19:50] [DEBUG] [PROTOCOL] Received 244 bytes
[2026-01-26 19:19:50] [DEBUG] [PROTOCOL] Received 244 bytes
[2026-01-26 19:19:50] [DEBUG] [PROTOCOL] Received 244 bytes
[2026-01-26 19:19:50] [DEBUG] [PROTOCOL] Received 244 bytes
[2026-01-26 19:19:50] [DEBUG] [PROTOCOL] Received 244 bytes
[2026-01-26 19:19:50] [DEBUG] [PROTOCOL] Received 244 bytes
[2026-01-26 19:19:50] [DEBUG] [PROTOCOL] Built command packet: type=0x17
[2026-01-26 19:19:50] [DEBUG] [PROTOCOL] Impedance: processed 100 packets
[2026-01-26 19:19:50] [INFO] [GENERAL] Real-time impedance calculated successfully
[2026-01-26 19:19:50] [DEBUG] [GENERAL] CH0: 3804.183838 kΩ
[2026-01-26 19:19:50] [DEBUG] [GENERAL] CH1: 3801.883545 kΩ
[2026-01-26 19:19:50] [DEBUG] [GENERAL] CH2: 3925.600342 kΩ
[2026-01-26 19:19:50] [DEBUG] [GENERAL] CH3: 3984.978271 kΩ
[2026-01-26 19:19:50] [DEBUG] [GENERAL] CH4: 4127.538086 kΩ
[2026-01-26 19:19:50] [DEBUG] [GENERAL] CH5: 3980.305908 kΩ
[2026-01-26 19:19:50] [DEBUG] [GENERAL] CH6: 4254.664551 kΩ
[2026-01-26 19:19:50] [DEBUG] [GENERAL] CH7: 3960.450195 kΩ
[2026-01-26 19:19:50] [DEBUG] [PROTOCOL] Received 244 bytes
[2026-01-26 19:19:50] [DEBUG] [PROTOCOL] Built command packet: type=0x18
[2026-01-26 19:19:50] [DEBUG] [PROTOCOL] Received 244 bytes
[2026-01-26 19:19:50] [DEBUG] [PROTOCOL] Received 152 bytes
[2026-01-26 19:19:50] [DEBUG] [PROTOCOL] Received 244 bytes
[2026-01-26 19:19:50] [DEBUG] [PROTOCOL] Received 244 bytes
[2026-01-26 19:19:50] [DEBUG] [PROTOCOL] Received 244 bytes
[2026-01-26 19:19:51] [DEBUG] [PROTOCOL] Received 244 bytes
[2026-01-26 19:19:51] [DEBUG] [PROTOCOL] Received 244 bytes
[2026-01-26 19:19:51] [DEBUG] [PROTOCOL] Received 244 bytes
[2026-01-26 19:19:51] [DEBUG] [PROTOCOL] Received 244 bytes
[2026-01-26 19:19:51] [DEBUG] [PROTOCOL] Received 244 bytes
[2026-01-26 19:19:51] [DEBUG] [PROTOCOL] Received 244 bytes
[2026-01-26 19:19:51] [DEBUG] [PROTOCOL] Built command packet: type=0x17
[2026-01-26 19:19:51] [DEBUG] [PROTOCOL] Received 244 bytes
[2026-01-26 19:19:51] [DEBUG] [PROTOCOL] Impedance: processed 100 packets
[2026-01-26 19:19:51] [INFO] [GENERAL] Real-time impedance calculated successfully
[2026-01-26 19:19:51] [DEBUG] [GENERAL] CH0: 3784.905029 kΩ
[2026-01-26 19:19:51] [DEBUG] [GENERAL] CH1: 3767.871826 kΩ
[2026-01-26 19:19:51] [DEBUG] [GENERAL] CH2: 3904.537109 kΩ
[2026-01-26 19:19:51] [DEBUG] [GENERAL] CH3: 3979.008789 kΩ
[2026-01-26 19:19:51] [DEBUG] [GENERAL] CH4: 4117.170410 kΩ
[2026-01-26 19:19:51] [DEBUG] [GENERAL] CH5: 3969.219971 kΩ
[2026-01-26 19:19:51] [DEBUG] [GENERAL] CH6: 4226.812012 kΩ
[2026-01-26 19:19:51] [DEBUG] [GENERAL] CH7: 3920.771240 kΩ
[2026-01-26 19:19:51] [DEBUG] [PROTOCOL] Built command packet: type=0x18
[2026-01-26 19:19:51] [DEBUG] [PROTOCOL] Received 244 bytes
[2026-01-26 19:19:51] [DEBUG] [PROTOCOL] Received 160 bytes
[2026-01-26 19:19:51] [DEBUG] [PROTOCOL] Received 244 bytes
[2026-01-26 19:19:51] [DEBUG] [PROTOCOL] Received 244 bytes
[2026-01-26 19:19:51] [DEBUG] [PROTOCOL] Received 244 bytes
[2026-01-26 19:19:51] [DEBUG] [PROTOCOL] Received 244 bytes
[2026-01-26 19:19:51] [DEBUG] [PROTOCOL] Received 244 bytes
[2026-01-26 19:19:51] [DEBUG] [PROTOCOL] Received 244 bytes
[2026-01-26 19:19:51] [DEBUG] [PROTOCOL] Built command packet: type=0x17
[2026-01-26 19:19:51] [DEBUG] [PROTOCOL] Impedance: processed 100 packets
[2026-01-26 19:19:51] [INFO] [GENERAL] Real-time impedance calculated successfully
[2026-01-26 19:19:51] [DEBUG] [GENERAL] CH0: 19846.777344 kΩ
[2026-01-26 19:19:51] [DEBUG] [GENERAL] CH1: 22357.226562 kΩ
[2026-01-26 19:19:51] [DEBUG] [GENERAL] CH2: 20581.892578 kΩ
[2026-01-26 19:19:51] [DEBUG] [GENERAL] CH3: 20167.755859 kΩ
[2026-01-26 19:19:51] [DEBUG] [GENERAL] CH4: 21562.886719 kΩ
[2026-01-26 19:19:51] [DEBUG] [GENERAL] CH5: 21842.966797 kΩ
[2026-01-26 19:19:51] [DEBUG] [GENERAL] CH6: 22523.263672 kΩ
[2026-01-26 19:19:51] [DEBUG] [GENERAL] CH7: 22239.445312 kΩ
[2026-01-26 19:19:51] [DEBUG] [PROTOCOL] Received 244 bytes
[2026-01-26 19:19:51] [DEBUG] [PROTOCOL] Built command packet: type=0x18
[2026-01-26 19:19:51] [DEBUG] [PROTOCOL] Received 244 bytes
[2026-01-26 19:19:51] [DEBUG] [PROTOCOL] Received 172 bytes
[2026-01-26 19:19:51] [DEBUG] [PROTOCOL] Received 244 bytes
[2026-01-26 19:19:51] [DEBUG] [PROTOCOL] Received 244 bytes
[2026-01-26 19:19:51] [DEBUG] [PROTOCOL] Received 244 bytes
[2026-01-26 19:19:51] [DEBUG] [PROTOCOL] Received 244 bytes
[2026-01-26 19:19:51] [DEBUG] [PROTOCOL] Received 244 bytes
[2026-01-26 19:19:51] [DEBUG] [PROTOCOL] Built command packet: type=0x17
[2026-01-26 19:19:51] [DEBUG] [PROTOCOL] Impedance: processed 81 packets
[2026-01-26 19:19:51] [INFO] [GENERAL] Real-time impedance calculated successfully
[2026-01-26 19:19:51] [DEBUG] [GENERAL] CH0: 4484.947754 kΩ
[2026-01-26 19:19:51] [DEBUG] [GENERAL] CH1: 4279.356445 kΩ
[2026-01-26 19:19:51] [DEBUG] [GENERAL] CH2: 4717.233887 kΩ
[2026-01-26 19:19:51] [DEBUG] [GENERAL] CH3: 4869.098633 kΩ
[2026-01-26 19:19:51] [DEBUG] [GENERAL] CH4: 4949.317383 kΩ
[2026-01-26 19:19:51] [DEBUG] [GENERAL] CH5: 4788.704590 kΩ
[2026-01-26 19:19:51] [DEBUG] [GENERAL] CH6: 4811.931641 kΩ
[2026-01-26 19:19:51] [DEBUG] [GENERAL] CH7: 4740.644043 kΩ
[2026-01-26 19:19:51] [DEBUG] [PROTOCOL] Built command packet: type=0x18
[2026-01-26 19:19:51] [DEBUG] [PROTOCOL] Received 244 bytes
[2026-01-26 19:19:52] [DEBUG] [PROTOCOL] Received 120 bytes
[2026-01-26 19:19:52] [DEBUG] [PROTOCOL] Received 244 bytes
[2026-01-26 19:19:52] [DEBUG] [PROTOCOL] Received 244 bytes
[2026-01-26 19:19:52] [DEBUG] [PROTOCOL] Received 244 bytes
[2026-01-26 19:19:52] [DEBUG] [PROTOCOL] Received 244 bytes
[2026-01-26 19:19:52] [DEBUG] [PROTOCOL] Received 244 bytes
[2026-01-26 19:19:52] [DEBUG] [PROTOCOL] Received 244 bytes
[2026-01-26 19:19:52] [DEBUG] [PROTOCOL] Received 244 bytes
[2026-01-26 19:19:52] [DEBUG] [PROTOCOL] Built command packet: type=0x17
[2026-01-26 19:19:52] [DEBUG] [PROTOCOL] Impedance: processed 58 packets
[2026-01-26 19:19:52] [INFO] [GENERAL] Real-time impedance calculated successfully
[2026-01-26 19:19:52] [DEBUG] [GENERAL] CH0: 3339.266602 kΩ
[2026-01-26 19:19:52] [DEBUG] [GENERAL] CH1: 3427.336914 kΩ
[2026-01-26 19:19:52] [DEBUG] [GENERAL] CH2: 3410.116211 kΩ
[2026-01-26 19:19:52] [DEBUG] [GENERAL] CH3: 3436.219482 kΩ
[2026-01-26 19:19:52] [DEBUG] [GENERAL] CH4: 3589.513428 kΩ
[2026-01-26 19:19:52] [DEBUG] [GENERAL] CH5: 3445.152588 kΩ
[2026-01-26 19:19:52] [DEBUG] [GENERAL] CH6: 3818.025146 kΩ
[2026-01-26 19:19:52] [DEBUG] [GENERAL] CH7: 3487.456299 kΩ
[2026-01-26 19:19:52] [DEBUG] [PROTOCOL] Built command packet: type=0x18
[2026-01-26 19:19:52] [DEBUG] [PROTOCOL] Received 244 bytes
[2026-01-26 19:19:52] [DEBUG] [PROTOCOL] Received 172 bytes
[2026-01-26 19:19:52] [DEBUG] [PROTOCOL] Received 244 bytes
[2026-01-26 19:19:52] [DEBUG] [PROTOCOL] Received 244 bytes
[2026-01-26 19:19:52] [DEBUG] [PROTOCOL] Received 244 bytes
[2026-01-26 19:19:52] [DEBUG] [PROTOCOL] Received 244 bytes
[2026-01-26 19:19:52] [DEBUG] [PROTOCOL] Received 244 bytes
[2026-01-26 19:19:52] [DEBUG] [PROTOCOL] Received 244 bytes
[2026-01-26 19:19:52] [DEBUG] [PROTOCOL] Received 244 bytes
[2026-01-26 19:19:52] [DEBUG] [PROTOCOL] Received 244 bytes
[2026-01-26 19:19:52] [DEBUG] [PROTOCOL] Received 244 bytes
[2026-01-26 19:19:52] [DEBUG] [PROTOCOL] Received 244 bytes
[2026-01-26 19:19:52] [DEBUG] [PROTOCOL] Received 244 bytes
[2026-01-26 19:19:52] [DEBUG] [PROTOCOL] Received 244 bytes
[2026-01-26 19:19:52] [DEBUG] [PROTOCOL] Received 244 bytes
[2026-01-26 19:19:52] [DEBUG] [PROTOCOL] Received 244 bytes
[2026-01-26 19:19:52] [DEBUG] [PROTOCOL] Received 244 bytes
[2026-01-26 19:19:52] [DEBUG] [PROTOCOL] Received 244 bytes
[2026-01-26 19:19:52] [DEBUG] [PROTOCOL] Received 244 bytes
[2026-01-26 19:19:53] [DEBUG] [PROTOCOL] Received 244 bytes
[2026-01-26 19:19:53] [DEBUG] [PROTOCOL] Received 244 bytes
[2026-01-26 19:19:53] [DEBUG] [PROTOCOL] Received 244 bytes
[2026-01-26 19:19:53] [DEBUG] [PROTOCOL] Received 244 bytes
[2026-01-26 19:19:53] [DEBUG] [PROTOCOL] Received 244 bytes
[2026-01-26 19:19:53] [DEBUG] [PROTOCOL] Received 244 bytes
[2026-01-26 19:19:53] [DEBUG] [PROTOCOL] Received 244 bytes
[2026-01-26 19:19:53] [DEBUG] [PROTOCOL] Received 244 bytes
[2026-01-26 19:19:53] [DEBUG] [PROTOCOL] Received 244 bytes
[2026-01-26 19:19:53] [DEBUG] [PROTOCOL] Received 244 bytes
[2026-01-26 19:19:53] [DEBUG] [PROTOCOL] Received 244 bytes
[2026-01-26 19:19:53] [DEBUG] [PROTOCOL] Received 244 bytes
[2026-01-26 19:19:53] [DEBUG] [PROTOCOL] Received 244 bytes
[2026-01-26 19:19:53] [DEBUG] [PROTOCOL] Received 244 bytes
[2026-01-26 19:19:53] [DEBUG] [PROTOCOL] Received 244 bytes
[2026-01-26 19:19:53] [DEBUG] [PROTOCOL] Received 244 bytes
[2026-01-26 19:19:53] [DEBUG] [PROTOCOL] Received 244 bytes
[2026-01-26 19:19:53] [DEBUG] [PROTOCOL] Received 244 bytes
[2026-01-26 19:19:53] [DEBUG] [PROTOCOL] Received 244 bytes
[2026-01-26 19:19:53] [DEBUG] [PROTOCOL] Received 244 bytes
[2026-01-26 19:19:53] [DEBUG] [PROTOCOL] Received 244 bytes
[2026-01-26 19:19:53] [DEBUG] [PROTOCOL] Received 244 bytes
[2026-01-26 19:19:53] [DEBUG] [PROTOCOL] Received 244 bytes
[2026-01-26 19:19:53] [DEBUG] [PROTOCOL] Received 244 bytes
[2026-01-26 19:19:53] [DEBUG] [PROTOCOL] Received 244 bytes
[2026-01-26 19:19:53] [DEBUG] [PROTOCOL] Received 244 bytes
[2026-01-26 19:19:53] [DEBUG] [PROTOCOL] Received 244 bytes
[2026-01-26 19:19:53] [DEBUG] [PROTOCOL] Received 244 bytes
[2026-01-26 19:19:53] [DEBUG] [PROTOCOL] Received 244 bytes
[2026-01-26 19:19:53] [DEBUG] [PROTOCOL] Received 244 bytes
[2026-01-26 19:19:53] [DEBUG] [PROTOCOL] Received 244 bytes
[2026-01-26 19:19:53] [DEBUG] [PROTOCOL] Received 244 bytes
[2026-01-26 19:19:53] [DEBUG] [PROTOCOL] Received 244 bytes
[2026-01-26 19:19:53] [DEBUG] [PROTOCOL] Received 244 bytes
[2026-01-26 19:19:53] [DEBUG] [PROTOCOL] Received 244 bytes
[2026-01-26 19:19:53] [DEBUG] [PROTOCOL] Received 244 bytes
[2026-01-26 19:19:54] [DEBUG] [PROTOCOL] Received 244 bytes
[2026-01-26 19:19:54] [DEBUG] [PROTOCOL] Received 244 bytes
[2026-01-26 19:19:54] [DEBUG] [PROTOCOL] Received 244 bytes
[2026-01-26 19:19:54] [DEBUG] [PROTOCOL] Received 244 bytes
[2026-01-26 19:19:54] [DEBUG] [PROTOCOL] Received 244 bytes
[2026-01-26 19:19:54] [DEBUG] [PROTOCOL] Received 244 bytes
[2026-01-26 19:19:54] [DEBUG] [PROTOCOL] Received 244 bytes
[2026-01-26 19:19:54] [DEBUG] [PROTOCOL] Received 244 bytes
[2026-01-26 19:19:54] [DEBUG] [PROTOCOL] Received 244 bytes
[2026-01-26 19:19:54] [DEBUG] [PROTOCOL] Received 244 bytes
[2026-01-26 19:19:54] [DEBUG] [PROTOCOL] Received 244 bytes
[2026-01-26 19:19:54] [DEBUG] [PROTOCOL] Received 244 bytes
[2026-01-26 19:19:54] [DEBUG] [PROTOCOL] Received 244 bytes
[2026-01-26 19:19:54] [INFO] [GENERAL] Switched to NORMAL mode: expandable buffer (no data loss)
[2026-01-26 19:19:54] [DEBUG] [PROTOCOL] Built command packet: type=0x16
[2026-01-26 19:19:54] [DEBUG] [PROTOCOL] Built command packet: type=0x18
[2026-01-26 19:19:54] [DEBUG] [PROTOCOL] Received 244 bytes
[2026-01-26 19:19:54] [DEBUG] [PROTOCOL] Received 212 bytes
[2026-01-26 19:19:54] [DEBUG] [PROTOCOL] Received 244 bytes
[2026-01-26 19:19:54] [DEBUG] [PROTOCOL] Received 244 bytes
[2026-01-26 19:19:54] [DEBUG] [PROTOCOL] Received 244 bytes
[2026-01-26 19:19:54] [DEBUG] [PROTOCOL] Received 244 bytes
[2026-01-26 19:19:54] [DEBUG] [PROTOCOL] Received 244 bytes
[2026-01-26 19:19:54] [DEBUG] [PROTOCOL] Received 244 bytes
[2026-01-26 19:19:54] [DEBUG] [PROTOCOL] Received 244 bytes
[2026-01-26 19:19:54] [DEBUG] [PROTOCOL] Received 244 bytes
[2026-01-26 19:19:54] [DEBUG] [PROTOCOL] Received 244 bytes
[2026-01-26 19:19:54] [DEBUG] [PROTOCOL] Received 244 bytes
[2026-01-26 19:19:54] [DEBUG] [PROTOCOL] Received 244 bytes
[2026-01-26 19:19:54] [DEBUG] [PROTOCOL] Received 244 bytes
[2026-01-26 19:19:54] [DEBUG] [PROTOCOL] Received 244 bytes
[2026-01-26 19:19:54] [DEBUG] [PROTOCOL] Received 244 bytes
[2026-01-26 19:19:54] [DEBUG] [PROTOCOL] Received 244 bytes
[2026-01-26 19:19:54] [DEBUG] [PROTOCOL] Received 244 bytes
[2026-01-26 19:19:54] [DEBUG] [PROTOCOL] Built command packet: type=0x16
[2026-01-26 19:19:54] [DEBUG] [PROTOCOL] Extracted 50/50 packets
[2026-01-26 19:19:54] [DEBUG] [PROTOCOL] Received 244 bytes
[2026-01-26 19:19:55] [DEBUG] [PROTOCOL] Received 244 bytes
[2026-01-26 19:19:55] [DEBUG] [PROTOCOL] Received 72 bytes
[2026-01-26 19:19:55] [DEBUG] [PROTOCOL] Built command packet: type=0x18
[2026-01-26 19:19:55] [DEBUG] [PROTOCOL] Received 244 bytes
[2026-01-26 19:19:55] [DEBUG] [PROTOCOL] Received 244 bytes
[2026-01-26 19:19:55] [DEBUG] [PROTOCOL] Received 244 bytes
[2026-01-26 19:19:55] [DEBUG] [PROTOCOL] Received 244 bytes
[2026-01-26 19:19:55] [DEBUG] [PROTOCOL] Received 244 bytes
[2026-01-26 19:19:55] [DEBUG] [PROTOCOL] Received 244 bytes
[2026-01-26 19:19:55] [DEBUG] [PROTOCOL] Received 244 bytes
[2026-01-26 19:19:55] [DEBUG] [PROTOCOL] Received 244 bytes
[2026-01-26 19:19:55] [DEBUG] [PROTOCOL] Received 244 bytes
[2026-01-26 19:19:55] [DEBUG] [PROTOCOL] Received 244 bytes
[2026-01-26 19:19:55] [DEBUG] [PROTOCOL] Received 244 bytes
[2026-01-26 19:19:55] [DEBUG] [PROTOCOL] Received 244 bytes
[2026-01-26 19:19:55] [DEBUG] [PROTOCOL] Received 244 bytes
[2026-01-26 19:19:55] [DEBUG] [PROTOCOL] Received 244 bytes
[2026-01-26 19:19:55] [DEBUG] [PROTOCOL] Received 244 bytes
[2026-01-26 19:19:55] [DEBUG] [PROTOCOL] Received 244 bytes
[2026-01-26 19:19:55] [DEBUG] [PROTOCOL] Received 244 bytes
[2026-01-26 19:19:55] [DEBUG] [PROTOCOL] Received 244 bytes
[2026-01-26 19:19:55] [DEBUG] [PROTOCOL] Received 244 bytes
[2026-01-26 19:19:55] [DEBUG] [PROTOCOL] Received 244 bytes
[2026-01-26 19:19:55] [DEBUG] [PROTOCOL] Received 244 bytes
[2026-01-26 19:19:55] [DEBUG] [PROTOCOL] Received 244 bytes
[2026-01-26 19:19:55] [DEBUG] [PROTOCOL] Received 244 bytes
[2026-01-26 19:19:55] [DEBUG] [PROTOCOL] Received 244 bytes
[2026-01-26 19:19:55] [DEBUG] [PROTOCOL] Received 244 bytes
[2026-01-26 19:19:55] [DEBUG] [PROTOCOL] Received 244 bytes
[2026-01-26 19:19:55] [DEBUG] [PROTOCOL] Received 244 bytes
[2026-01-26 19:19:55] [DEBUG] [PROTOCOL] Received 244 bytes
[2026-01-26 19:19:55] [DEBUG] [PROTOCOL] Received 244 bytes
[2026-01-26 19:19:56] [DEBUG] [PROTOCOL] Received 244 bytes
[2026-01-26 19:19:56] [DEBUG] [PROTOCOL] Received 244 bytes
[2026-01-26 19:19:56] [DEBUG] [PROTOCOL] Received 244 bytes
[2026-01-26 19:19:56] [DEBUG] [PROTOCOL] Received 244 bytes
[2026-01-26 19:19:56] [DEBUG] [PROTOCOL] Received 244 bytes
[2026-01-26 19:19:56] [DEBUG] [PROTOCOL] Received 244 bytes
[2026-01-26 19:19:56] [DEBUG] [PROTOCOL] Received 244 bytes
[2026-01-26 19:19:56] [DEBUG] [PROTOCOL] Received 244 bytes
[2026-01-26 19:19:56] [DEBUG] [PROTOCOL] Received 244 bytes
[2026-01-26 19:19:56] [DEBUG] [PROTOCOL] Received 244 bytes
[2026-01-26 19:19:56] [DEBUG] [PROTOCOL] Received 244 bytes
[2026-01-26 19:19:56] [DEBUG] [PROTOCOL] Received 244 bytes
[2026-01-26 19:19:56] [DEBUG] [PROTOCOL] Received 244 bytes
[2026-01-26 19:19:56] [DEBUG] [PROTOCOL] Received 244 bytes
[2026-01-26 19:19:56] [DEBUG] [PROTOCOL] Received 244 bytes
[2026-01-26 19:19:56] [DEBUG] [PROTOCOL] Received 244 bytes
[2026-01-26 19:19:56] [DEBUG] [PROTOCOL] Received 244 bytes
[2026-01-26 19:19:56] [DEBUG] [PROTOCOL] Received 244 bytes
[2026-01-26 19:19:56] [DEBUG] [PROTOCOL] Received 244 bytes
[2026-01-26 19:19:56] [DEBUG] [PROTOCOL] Received 244 bytes
[2026-01-26 19:19:56] [DEBUG] [PROTOCOL] Received 244 bytes
[2026-01-26 19:19:56] [DEBUG] [PROTOCOL] Received 244 bytes
[2026-01-26 19:19:56] [DEBUG] [PROTOCOL] Received 244 bytes
[2026-01-26 19:19:56] [DEBUG] [PROTOCOL] Received 244 bytes
[2026-01-26 19:19:56] [DEBUG] [PROTOCOL] Received 244 bytes
[2026-01-26 19:19:56] [DEBUG] [PROTOCOL] Received 244 bytes
[2026-01-26 19:19:56] [DEBUG] [PROTOCOL] Received 244 bytes
[2026-01-26 19:19:56] [DEBUG] [PROTOCOL] Received 244 bytes
[2026-01-26 19:19:56] [DEBUG] [PROTOCOL] Received 244 bytes
[2026-01-26 19:19:56] [DEBUG] [PROTOCOL] Received 244 bytes
[2026-01-26 19:19:56] [DEBUG] [PROTOCOL] Received 244 bytes
[2026-01-26 19:19:56] [DEBUG] [PROTOCOL] Received 244 bytes
[2026-01-26 19:19:56] [DEBUG] [PROTOCOL] Received 244 bytes
[2026-01-26 19:19:56] [DEBUG] [PROTOCOL] Received 244 bytes
[2026-01-26 19:19:56] [DEBUG] [PROTOCOL] Received 244 bytes
[2026-01-26 19:19:56] [DEBUG] [PROTOCOL] Received 244 bytes
[2026-01-26 19:19:56] [DEBUG] [PROTOCOL] Received 244 bytes
[2026-01-26 19:19:57] [DEBUG] [PROTOCOL] Received 244 bytes
[2026-01-26 19:19:57] [DEBUG] [PROTOCOL] Received 244 bytes
[2026-01-26 19:19:57] [DEBUG] [PROTOCOL] Received 244 bytes
[2026-01-26 19:19:57] [DEBUG] [PROTOCOL] Received 244 bytes
[2026-01-26 19:19:57] [DEBUG] [PROTOCOL] Received 244 bytes
[2026-01-26 19:19:57] [DEBUG] [PROTOCOL] Received 244 bytes
[2026-01-26 19:19:57] [DEBUG] [PROTOCOL] Received 244 bytes
[2026-01-26 19:19:57] [DEBUG] [PROTOCOL] Received 244 bytes
[2026-01-26 19:19:57] [DEBUG] [PROTOCOL] Received 244 bytes
[2026-01-26 19:19:57] [DEBUG] [PROTOCOL] Received 244 bytes
[2026-01-26 19:19:57] [DEBUG] [PROTOCOL] Received 244 bytes
[2026-01-26 19:19:57] [DEBUG] [PROTOCOL] Received 244 bytes
[2026-01-26 19:19:57] [DEBUG] [PROTOCOL] Received 244 bytes
[2026-01-26 19:19:57] [DEBUG] [PROTOCOL] Received 244 bytes
[2026-01-26 19:19:57] [DEBUG] [PROTOCOL] Received 244 bytes
[2026-01-26 19:19:57] [DEBUG] [PROTOCOL] Received 244 bytes
[2026-01-26 19:19:57] [DEBUG] [PROTOCOL] Received 244 bytes
[2026-01-26 19:19:57] [DEBUG] [PROTOCOL] Received 244 bytes
[2026-01-26 19:19:57] [DEBUG] [PROTOCOL] Received 244 bytes
[2026-01-26 19:19:57] [DEBUG] [PROTOCOL] Received 244 bytes
[2026-01-26 19:19:57] [DEBUG] [PROTOCOL] Received 244 bytes
[2026-01-26 19:19:57] [DEBUG] [PROTOCOL] Received 244 bytes
[2026-01-26 19:19:57] [DEBUG] [PROTOCOL] Received 244 bytes
[2026-01-26 19:19:57] [DEBUG] [PROTOCOL] Received 244 bytes
[2026-01-26 19:19:57] [DEBUG] [PROTOCOL] Received 244 bytes
[2026-01-26 19:19:57] [DEBUG] [PROTOCOL] Received 244 bytes
[2026-01-26 19:19:57] [DEBUG] [PROTOCOL] Received 244 bytes
[2026-01-26 19:19:57] [DEBUG] [PROTOCOL] Received 244 bytes
[2026-01-26 19:19:57] [DEBUG] [PROTOCOL] Received 244 bytes
[2026-01-26 19:19:57] [DEBUG] [PROTOCOL] Received 244 bytes
[2026-01-26 19:19:57] [DEBUG] [PROTOCOL] Received 244 bytes
[2026-01-26 19:19:57] [DEBUG] [PROTOCOL] Received 244 bytes
[2026-01-26 19:19:57] [DEBUG] [PROTOCOL] Received 244 bytes
[2026-01-26 19:19:57] [DEBUG] [PROTOCOL] Received 244 bytes
[2026-01-26 19:19:57] [DEBUG] [PROTOCOL] Received 244 bytes
[2026-01-26 19:19:57] [DEBUG] [PROTOCOL] Received 244 bytes
[2026-01-26 19:19:57] [DEBUG] [PROTOCOL] Received 244 bytes
[2026-01-26 19:19:58] [DEBUG] [PROTOCOL] Received 244 bytes
[2026-01-26 19:19:58] [DEBUG] [PROTOCOL] Received 244 bytes
[2026-01-26 19:19:58] [DEBUG] [PROTOCOL] Received 244 bytes
[2026-01-26 19:19:58] [DEBUG] [PROTOCOL] Received 244 bytes
[2026-01-26 19:19:58] [DEBUG] [PROTOCOL] Received 244 bytes
[2026-01-26 19:19:58] [DEBUG] [PROTOCOL] Received 244 bytes
[2026-01-26 19:19:58] [DEBUG] [PROTOCOL] Received 244 bytes
[2026-01-26 19:19:58] [DEBUG] [PROTOCOL] Received 244 bytes
[2026-01-26 19:19:58] [DEBUG] [PROTOCOL] Received 244 bytes
[2026-01-26 19:19:58] [DEBUG] [PROTOCOL] Received 244 bytes
[2026-01-26 19:19:58] [DEBUG] [PROTOCOL] Received 244 bytes
[2026-01-26 19:19:58] [DEBUG] [PROTOCOL] Received 244 bytes
[2026-01-26 19:19:58] [DEBUG] [PROTOCOL] Received 244 bytes
[2026-01-26 19:19:58] [DEBUG] [PROTOCOL] Received 244 bytes
[2026-01-26 19:19:58] [DEBUG] [PROTOCOL] Received 244 bytes
[2026-01-26 19:19:58] [DEBUG] [PROTOCOL] Received 244 bytes
[2026-01-26 19:19:58] [DEBUG] [PROTOCOL] Received 244 bytes
[2026-01-26 19:19:58] [DEBUG] [PROTOCOL] Received 244 bytes
[2026-01-26 19:19:58] [DEBUG] [PROTOCOL] Received 244 bytes
[2026-01-26 19:19:58] [DEBUG] [PROTOCOL] Received 244 bytes
[2026-01-26 19:19:58] [DEBUG] [PROTOCOL] Received 244 bytes
[2026-01-26 19:19:58] [DEBUG] [PROTOCOL] Received 244 bytes
[2026-01-26 19:19:58] [DEBUG] [PROTOCOL] Received 244 bytes
[2026-01-26 19:19:58] [DEBUG] [PROTOCOL] Received 244 bytes
[2026-01-26 19:19:58] [DEBUG] [PROTOCOL] Received 244 bytes
[2026-01-26 19:19:58] [DEBUG] [PROTOCOL] Received 244 bytes
[2026-01-26 19:19:58] [DEBUG] [PROTOCOL] Received 244 bytes
[2026-01-26 19:19:58] [DEBUG] [PROTOCOL] Received 244 bytes
[2026-01-26 19:19:58] [DEBUG] [PROTOCOL] Received 244 bytes
[2026-01-26 19:19:58] [DEBUG] [PROTOCOL] Received 244 bytes
[2026-01-26 19:19:58] [DEBUG] [PROTOCOL] Received 244 bytes
[2026-01-26 19:19:58] [DEBUG] [PROTOCOL] Received 244 bytes
[2026-01-26 19:19:58] [DEBUG] [PROTOCOL] Received 244 bytes
[2026-01-26 19:19:58] [DEBUG] [PROTOCOL] Received 244 bytes
[2026-01-26 19:19:58] [DEBUG] [PROTOCOL] Received 244 bytes
[2026-01-26 19:19:58] [DEBUG] [PROTOCOL] Received 244 bytes
[2026-01-26 19:19:58] [DEBUG] [PROTOCOL] Received 244 bytes
[2026-01-26 19:19:59] [DEBUG] [PROTOCOL] Received 244 bytes
[2026-01-26 19:19:59] [DEBUG] [PROTOCOL] Received 244 bytes
[2026-01-26 19:19:59] [DEBUG] [PROTOCOL] Received 244 bytes
[2026-01-26 19:19:59] [DEBUG] [PROTOCOL] Received 244 bytes
[2026-01-26 19:19:59] [DEBUG] [PROTOCOL] Received 244 bytes
[2026-01-26 19:19:59] [DEBUG] [PROTOCOL] Received 244 bytes
[2026-01-26 19:19:59] [DEBUG] [PROTOCOL] Received 244 bytes
[2026-01-26 19:19:59] [DEBUG] [PROTOCOL] Received 244 bytes
[2026-01-26 19:19:59] [DEBUG] [PROTOCOL] Received 244 bytes
[2026-01-26 19:19:59] [DEBUG] [PROTOCOL] Received 244 bytes
[2026-01-26 19:19:59] [DEBUG] [PROTOCOL] Received 244 bytes
[2026-01-26 19:19:59] [DEBUG] [PROTOCOL] Received 244 bytes
[2026-01-26 19:19:59] [DEBUG] [PROTOCOL] Received 244 bytes
[2026-01-26 19:19:59] [DEBUG] [PROTOCOL] Received 244 bytes
[2026-01-26 19:19:59] [DEBUG] [PROTOCOL] Received 244 bytes
[2026-01-26 19:19:59] [DEBUG] [PROTOCOL] Received 244 bytes
[2026-01-26 19:19:59] [DEBUG] [PROTOCOL] Received 244 bytes
[2026-01-26 19:19:59] [DEBUG] [PROTOCOL] Received 244 bytes
[2026-01-26 19:19:59] [DEBUG] [PROTOCOL] Received 244 bytes
[2026-01-26 19:19:59] [DEBUG] [PROTOCOL] Received 244 bytes
[2026-01-26 19:19:59] [DEBUG] [PROTOCOL] Received 244 bytes
[2026-01-26 19:19:59] [DEBUG] [PROTOCOL] Received 244 bytes
[2026-01-26 19:19:59] [DEBUG] [PROTOCOL] Received 244 bytes
[2026-01-26 19:19:59] [DEBUG] [PROTOCOL] Received 244 bytes
[2026-01-26 19:19:59] [DEBUG] [PROTOCOL] Received 244 bytes
[2026-01-26 19:19:59] [DEBUG] [PROTOCOL] Received 244 bytes
[2026-01-26 19:19:59] [DEBUG] [PROTOCOL] Received 244 bytes
[2026-01-26 19:19:59] [DEBUG] [PROTOCOL] Received 244 bytes
[2026-01-26 19:19:59] [DEBUG] [PROTOCOL] Received 244 bytes
[2026-01-26 19:19:59] [DEBUG] [PROTOCOL] Received 244 bytes
[2026-01-26 19:19:59] [DEBUG] [PROTOCOL] Received 244 bytes
[2026-01-26 19:19:59] [DEBUG] [PROTOCOL] Received 244 bytes
[2026-01-26 19:19:59] [DEBUG] [PROTOCOL] Received 244 bytes
[2026-01-26 19:19:59] [DEBUG] [PROTOCOL] Received 244 bytes
[2026-01-26 19:19:59] [DEBUG] [PROTOCOL] Received 244 bytes
[2026-01-26 19:19:59] [DEBUG] [PROTOCOL] Received 244 bytes
[2026-01-26 19:19:59] [DEBUG] [PROTOCOL] Received 244 bytes
[2026-01-26 19:20:00] [DEBUG] [PROTOCOL] Received 244 bytes
[2026-01-26 19:20:00] [DEBUG] [PROTOCOL] Received 244 bytes
[2026-01-26 19:20:00] [DEBUG] [PROTOCOL] Received 244 bytes
[2026-01-26 19:20:00] [DEBUG] [PROTOCOL] Received 244 bytes
[2026-01-26 19:20:00] [DEBUG] [PROTOCOL] Received 244 bytes
[2026-01-26 19:20:00] [DEBUG] [PROTOCOL] Received 244 bytes
[2026-01-26 19:20:00] [DEBUG] [PROTOCOL] Received 244 bytes
[2026-01-26 19:20:00] [DEBUG] [PROTOCOL] Received 244 bytes
[2026-01-26 19:20:00] [INFO] [GENERAL] MDP SDK Unloading
